// Jest Snapshot v1, https://goo.gl/fbAQLP

exports[`Info component: should match snapshot 1`] = `<Info />`;
